name: Test
label: tes
statement: foo.txt
solutions: [sol.c]
memory_limit: 32
limits: [
	1a 4
	1d 4
	1file 4

	3 4 9
	3file 4

	5 4
]
scoring: [
	1 -4
	3 94
	5 6
]
tests_files: [
	1a tests/1a.in tests/1a.out
	1d tests/1d.in tests/1d.out
	1file inner outer
	3 tests/3.in tests/3.out
	3file outer tests/3file.out
	5 tests/5.in tests/5.out
]
