Problem's name (specified in options): Test
Problem's label is not specified in options - loading it from Simfile
  Simfile: missing problem's label -> generating label from the problem's name
  label generated from name: tes
Missing / invalid checker specified in the package's Simfile - searching for one
No checker was found - placing the default checker
Missing / invalid statement specified in the package's Simfile - searching for one
Chosen statement: foo.txt
Auto-scoring: score of the group with id `0` set to 0
Auto-scoring: score of the group with id `1` set to 33
Auto-scoring: score of the group with id `3` set to 33
Auto-scoring: score of the group with id `5` set to 34
