Problem's name (specified in options): Test
Problem's label is not specified in options - loading it from Simfile
  Simfile: missing problem's label -> generating label from the problem's name
  label generated from name: tes
Missing / invalid checker specified in the package's Simfile - searching for one
No checker was found - placing the default checker
Missing / invalid statement specified in the package's Simfile - searching for one
Chosen statement: foo.txt
