Problem's name is not specified in options - loading it from Simfile
  name loaded from Simfile: Test
Problem's label is not specified in options - loading it from Simfile
  Simfile: missing problem's label -> generating label from the problem's name
  label generated from name: tes
Missing / invalid checker specified in the package's Simfile - searching for one
Chosen checker: check/checker.c
Missing / invalid statement specified in the package's Simfile - searching for one
Chosen statement: foo.txt
Global memory limit not specified in options - loading it from Simfile
[1;35mwarning[m: "scoring": ignoring score of the group with id `42` because no test belongs to it
Auto-scoring: score of the group with id `3` set to 90
