name: Test
label: tes
statement: foo.txt
checker: check/checker.c
solutions: [sol.cpp]
memory_limit: 32
limits: [
	1a 0
	1d 0

	3 0 9

	5 0
]
scoring: [
	1 4
	3 90
	5 6
]
tests_files: [
	1a tests/1a.in tests/1a.out
	1d tests/1d.in tests/1d.out
	3 tests/3.in tests/3.out
	5 tests/5.in tests/5.out
]
