Judging (initial): {
  0         [ TL: 0.30 s ML: 32768 KiB ]  Status: RTE (killed by signal 8 - Floating point exception)
Score: 0 / 0 (ratio: 0.0000)
}
Judging (final): {
  1         [ TL: 0.30 s ML: 32768 KiB ]  Status: RTE (killed by signal 8 - Floating point exception)
Score: 0 / 25 (ratio: 0.0000)
  2a        [ TL: 0.30 s ML: 32768 KiB ]  Status: RTE (killed by signal 8 - Floating point exception)
  2b        [ TL: 0.30 s ML: 32768 KiB ]  Status: RTE (killed by signal 8 - Floating point exception)
Score: 0 / 25 (ratio: 0.0000)
  3a        [ TL: 0.30 s ML: 32768 KiB ]  Status: RTE (killed by signal 8 - Floating point exception)
  3b        [ TL: 0.30 s ML: 32768 KiB ]  Status: RTE (killed by signal 8 - Floating point exception)
Score: 0 / 25 (ratio: 0.0000)
  4a        [ TL: 0.30 s ML: 32768 KiB ]  Status: RTE (killed by signal 8 - Floating point exception)
  4b        [ TL: 0.30 s ML: 32768 KiB ]  Status: RTE (killed by signal 8 - Floating point exception)
Score: 0 / 25 (ratio: 0.0000)
}
