Judging (initial): {
}
Judging (final): {
  1         [ TL: 0.30 s ML: 524288 KiB ]  Status: OK  Checker: OK: Partial points [ ML: 262144 KiB ]
Score: 42 / 100 (ratio: 0.4200)
}
