name: Test
label: tes
statement: foo.txt
checker: check/checker.c
solutions: [sol.cpp]
memory_limit: 32
limits: [
	3 0 9
]
scoring: [
	3 100
]
tests_files: [
	3 tests/3.in tests/3.out
]
